src/app/api/webhooks/stripe/route.ts(11,31): error TS2339: Property 'get' does not exist on type 'Promise<ReadonlyHeaders>'.
src/app/shop/page.tsx(93,24): error TS2339: Property 'stripe-buy-button' does not exist on type 'JSX.IntrinsicElements'.
